stm32f401re_usart.c:168:6:USART_DeInit	16	static
stm32f401re_usart.c:199:6:USART_Init	48	static
stm32f401re_usart.c:312:6:USART_StructInit	16	static
stm32f401re_usart.c:332:6:USART_ClockInit	24	static
stm32f401re_usart.c:363:6:USART_ClockStructInit	16	static
stm32f401re_usart.c:380:6:USART_Cmd	16	static
stm32f401re_usart.c:406:6:USART_SetPrescaler	16	static
stm32f401re_usart.c:427:6:USART_OverSampling8Cmd	16	static
stm32f401re_usart.c:453:6:USART_OneBitMethodCmd	16	static
stm32f401re_usart.c:510:6:USART_SendData	16	static
stm32f401re_usart.c:526:10:USART_ReceiveData	16	static
stm32f401re_usart.c:578:6:USART_SetAddress	16	static
stm32f401re_usart.c:598:6:USART_ReceiverWakeUpCmd	16	static
stm32f401re_usart.c:625:6:USART_WakeUpConfig	16	static
stm32f401re_usart.c:694:6:USART_LINBreakDetectLengthConfig	16	static
stm32f401re_usart.c:712:6:USART_LINCmd	16	static
stm32f401re_usart.c:736:6:USART_SendBreak	16	static
stm32f401re_usart.c:789:6:USART_HalfDuplexCmd	16	static
stm32f401re_usart.c:873:6:USART_SetGuardTime	16	static
stm32f401re_usart.c:892:6:USART_SmartCardCmd	16	static
stm32f401re_usart.c:917:6:USART_SmartCardNACKCmd	16	static
stm32f401re_usart.c:988:6:USART_IrDAConfig	16	static
stm32f401re_usart.c:1006:6:USART_IrDACmd	16	static
stm32f401re_usart.c:1052:6:USART_DMACmd	16	static
stm32f401re_usart.c:1184:6:USART_ITConfig	32	static
stm32f401re_usart.c:1248:12:USART_GetFlagStatus	24	static
stm32f401re_usart.c:1297:6:USART_ClearFlag	16	static
stm32f401re_usart.c:1331:10:USART_GetITStatus	32	static
stm32f401re_usart.c:1405:6:USART_ClearITPendingBit	24	static
